Jacob
Megan
Megan
Jacob
Jacob
Megan
Megan
Megan
Jacob
Jacob
