80
89
129
85
104
100
109
75
75
60
74
104
85
91
113
107
107
98
85
99
