123
98
149
121
170
105
115
134
133
140
127
118
105
157
119
104
88
133
143
134
