198
191
194
201
187
178
208
183
195
238
186
216
180
173
253
198
199
184
224
201
