233
189
256
198
207
193
244
246
196
204
273
205
280
207
246
215
215
267
199
202
