98
86
111
186
173
202
176
237
202
225
220
248
226
279
237
269
300
249
246
259
258
258
278
269
269
279
279
279
300
258
